
> ai-reels-backend@0.0.1 build
> nest build

node.exe : [96msrc/app.module.ts
[0m:[93m2[0m:[93m35[0m - 
[91merror[0m[90m TS2307: 
[0mCannot find module 
'@nestjs/serve-static' or its 
corresponding type declarations.
At line:1 char:1
+ & "C:\Program 
Files\nodejs/node.exe" 
"C:\Program Files\nodejs/node_mo 
...
+ ~~~~~~~~~~~~~~~~~~~~~~~~~~~~~~~
~~~~~~~~~~~~~~~~~~~~~~~~~~~~~~~~~
~~~~~
    + CategoryInfo          : No 
   tSpecified: ([96msrc/app.mo  
  ...e declarations.:String) [   
 ], RemoteException
    + FullyQualifiedErrorId : Na 
   tiveCommandError
 

[7m2[0m import { 
ServeStaticModule } from 
'@nestjs/serve-static';
[7m [0m [91m                  
                
~~~~~~~~~~~~~~~~~~~~~~[0m
[96msrc/render/render-queue.serv
ice.ts[0m:[93m2[0m:[93m23[0m
 - [91merror[0m[90m TS2307: 
[0mCannot find module 'bullmq' 
or its corresponding type 
declarations.

[7m2[0m import { Queue } from 
'bullmq';
[7m [0m [91m                  
    ~~~~~~~~[0m
[96msrc/scripts/inspect-queue.ts
[0m:[93m1[0m:[93m23[0m - 
[91merror[0m[90m TS2307: 
[0mCannot find module 'bullmq' 
or its corresponding type 
declarations.

[7m1[0m import { Queue } from 
'bullmq';
[7m [0m [91m                  
    ~~~~~~~~[0m
[96msrc/scripts/trigger-render.t
s[0m:[93m1[0m:[93m23[0m - 
[91merror[0m[90m TS2307: 
[0mCannot find module 'bullmq' 
or its corresponding type 
declarations.

[7m1[0m import { Queue } from 
'bullmq';
[7m [0m [91m                  
    ~~~~~~~~[0m

Found 4 error(s).

